// Jest Snapshot v1, https://goo.gl/fbAQLP

exports[`testing al cliente es igual al objeto completo 1`] = `
{
  "balance": 500,
  "nombre": "jp",
  "tipo": "premium",
}
`;
